============================= test session starts ==============================
platform linux -- Python 3.12.12, pytest-8.4.2, pluggy-1.6.0
rootdir: /voc/work/code/project/starter
configfile: pyproject.toml
testpaths: tests
plugins: anyio-4.11.0, logfire-4.13.2, asyncio-1.2.0
asyncio: mode=Mode.AUTO, debug=False, asyncio_default_fixture_loop_scope=None, asyncio_default_test_loop_scope=function
collected 58 items

tests/test_audio_agent.py .....                                          [  8%]
tests/test_env_setup.py .....                                            [ 17%]
tests/test_gradio_app.py .........                                       [ 32%]
tests/test_image_agent.py ....                                           [ 39%]
tests/test_moderation_result.py ...........................              [ 86%]
tests/test_text_agent.py ....                                            [ 93%]
tests/test_video_agent.py ....                                           [100%]

=============================== warnings summary ===============================
tests/test_env_setup.py:67
  /voc/work/code/project/starter/tests/test_env_setup.py:67: PytestUnknownMarkWarning: Unknown pytest.mark.integration - is this a typo?  You can register custom marks to avoid this warning - for details, see https://docs.pytest.org/en/stable/how-to/mark.html
    @pytest.mark.integration

-- Docs: https://docs.pytest.org/en/stable/how-to/capture-warnings.html
======================== 58 passed, 1 warning in 14.17s ========================
